Microsoft Windows [Version 10.0.16299.98]
(c) 2017 Microsoft Corporation. All rights reserved.

E:\Code\Java\python\PythonRestAPI>path
PATH=C:\Program Files (x86)\Common Files\Oracle\Java\javapath;C:\Windows\system32;C:\Windows;C:\Windows\System32\Wbem;C:\Windows\System32\WindowsPowerShell\v1.0\;C:\Program Files (x86)\NVIDIA Corporation\PhysX\Common;C:\Program Files\PuTTY\;C:\Program Files\Git\cmd;C:\Program Files\nodejs\;C:\Program Files\dotnet\;C:\Program Files\Dart\dart-sdk\bin;F:\MATLABR2014a\runtime\win64;F:\MATLABR2014a\bin;F:\MATLAB\MATLAB Production Server\R2014a\runtime\win64;F:\MATLAB\MATLAB Production Server\R2014a\bin;F:\MATLAB\MATLAB Production Server\R2014a\polyspace\bin;F:\MATLABR2014a\polyspace\bin;C:\Program Files (x86)\Git\cmd;C:\ProgramData\chocolatey\bin;C:\Program Files\AdoptOpenJDK\jdk8u192-b12\bin;C:\Program Files\Java\jdk1.8.0_211\bin;C:\Android\android-sdk\tools;C:\Android\android-sdk\platform-tools;C:\Android\android-sdk\tools\bin;E:\Software\php;C:\composer;C:\Users\Pritam\AppData\Local\Microsoft\WindowsApps;C:\Users\Pritam\AppData\Local\GitHubDesktop\bin;C:\Program Files\Heroku\bin;C:\Users\Pritam\AppData\Local\Programs\Microsoft VS Code\bin;C:\Users\Pritam\AppData\Roaming\npm;E:\Software\AndroidStudio\flutter\bin;E:\Software\AndroidStudio\flutter\bin\cache\dart-sdk\bin;C:\Users\Pritam\AppData\Roaming\Pub\Cache\bin;E:\Software\apache-maven-3.6.1\bin;C:\Users\Pritam\AppData\Roaming\Composer\vendor\bin

E:\Code\Java\python\PythonRestAPI>SET PATH=%PATH%;C:\Users\Pritam\AppData\Local\Programs\Python\Python37-32;

E:\Code\Java\python\PythonRestAPI>path
PATH=C:\Program Files (x86)\Common Files\Oracle\Java\javapath;C:\Windows\system32;C:\Windows;C:\Windows\System32\Wbem;C:\Windows\System32\WindowsPowerShell\v1.0\;C:\Program Files (x86)\NVIDIA Corporation\PhysX\Common;C:\Program Files\PuTTY\;C:\Program Files\Git\cmd;C:\Program Files\nodejs\;C:\Program Files\dotnet\;C:\Program Files\Dart\dart-sdk\bin;F:\MATLABR2014a\runtime\win64;F:\MATLABR2014a\bin;F:\MATLAB\MATLAB Production Server\R2014a\runtime\win64;F:\MATLAB\MATLAB Production Server\R2014a\bin;F:\MATLAB\MATLAB Production Server\R2014a\polyspace\bin;F:\MATLABR2014a\polyspace\bin;C:\Program Files (x86)\Git\cmd;C:\ProgramData\chocolatey\bin;C:\Program Files\AdoptOpenJDK\jdk8u192-b12\bin;C:\Program Files\Java\jdk1.8.0_211\bin;C:\Android\android-sdk\tools;C:\Android\android-sdk\platform-tools;C:\Android\android-sdk\tools\bin;E:\Software\php;C:\composer;C:\Users\Pritam\AppData\Local\Microsoft\WindowsApps;C:\Users\Pritam\AppData\Local\GitHubDesktop\bin;C:\Program Files\Heroku\bin;C:\Users\Pritam\AppData\Local\Programs\Microsoft VS Code\bin;C:\Users\Pritam\AppData\Roaming\npm;E:\Software\AndroidStudio\flutter\bin;E:\Software\AndroidStudio\flutter\bin\cache\dart-sdk\bin;C:\Users\Pritam\AppData\Roaming\Pub\Cache\bin;E:\Software\apache-maven-3.6.1\bin;C:\Users\Pritam\AppData\Roaming\Composer\vendor\bin;C:\Users\Pritam\AppData\Local\Programs\Python\Python37-32;

E:\Code\Java\python\PythonRestAPI>python main.py
Traceback (most recent call last):
  File "main.py", line 1, in <module>
    from app import app, mongo
  File "E:\Code\Java\python\PythonRestAPI\app.py", line 1, in <module>
    from flask import Flask
ModuleNotFoundError: No module named 'flask'

E:\Code\Java\python\PythonRestAPI>python -m pip install pymongo
Collecting pymongo
  Downloading https://files.pythonhosted.org/packages/cb/a6/b0ae3781b0ad75825e00e29dc5489b53512625e02328d73556e1ecdf12f8/pymongo-3.9.0-cp37-cp37m-win32.whl (345kB)
    100% |████████████████████████████████| 348kB 59kB/s
Installing collected packages: pymongo
Successfully installed pymongo-3.9.0
You are using pip version 19.0.3, however version 19.2.3 is available.
You should consider upgrading via the 'python -m pip install --upgrade pip' command.

E:\Code\Java\python\PythonRestAPI>python -m pip install --upgrade pip
Collecting pip
  Downloading https://files.pythonhosted.org/packages/30/db/9e38760b32e3e7f40cce46dd5fb107b8c73840df38f0046d8e6514e675a1/pip-19.2.3-py2.py3-none-any.whl (1.4MB)
    100% |████████████████████████████████| 1.4MB 99kB/s
Installing collected packages: pip
  Found existing installation: pip 19.0.3
    Uninstalling pip-19.0.3:
      Successfully uninstalled pip-19.0.3
Successfully installed pip-19.2.3

E:\Code\Java\python\PythonRestAPI>python -m pip install flask
Collecting flask
  Downloading https://files.pythonhosted.org/packages/9b/93/628509b8d5dc749656a9641f4caf13540e2cdec85276964ff8f43bbb1d3b/Flask-1.1.1-py2.py3-none-any.whl (94kB)
     |████████████████████████████████| 102kB 50kB/s
Collecting Jinja2>=2.10.1 (from flask)
  Downloading https://files.pythonhosted.org/packages/1d/e7/fd8b501e7a6dfe492a433deb7b9d833d39ca74916fa8bc63dd1a4947a671/Jinja2-2.10.1-py2.py3-none-any.whl (124kB)
     |████████████████████████████████| 133kB 64kB/s
Collecting itsdangerous>=0.24 (from flask)
  Downloading https://files.pythonhosted.org/packages/76/ae/44b03b253d6fade317f32c24d100b3b35c2239807046a4c953c7b89fa49e/itsdangerous-1.1.0-py2.py3-none-any.whl
Collecting click>=5.1 (from flask)
  Downloading https://files.pythonhosted.org/packages/fa/37/45185cb5abbc30d7257104c434fe0b07e5a195a6847506c074527aa599ec/Click-7.0-py2.py3-none-any.whl (81kB)
     |████████████████████████████████| 81kB 88kB/s
Collecting Werkzeug>=0.15 (from flask)
  Downloading https://files.pythonhosted.org/packages/ce/42/3aeda98f96e85fd26180534d36570e4d18108d62ae36f87694b476b83d6f/Werkzeug-0.16.0-py2.py3-none-any.whl (327kB)
     |████████████████████████████████| 327kB 123kB/s
Collecting MarkupSafe>=0.23 (from Jinja2>=2.10.1->flask)
  Downloading https://files.pythonhosted.org/packages/5b/d4/1deb3c5dc3714fb160c7e2116fc6dff36a063d9156a9328cce54ef35cc52/MarkupSafe-1.1.1-cp37-cp37m-win32.whl
Installing collected packages: MarkupSafe, Jinja2, itsdangerous, click, Werkzeug, flask
  WARNING: The script flask.exe is installed in 'C:\Users\Pritam\AppData\Local\Programs\Python\Python37-32\Scripts' which is not on PATH.
  Consider adding this directory to PATH or, if you prefer to suppress this warning, use --no-warn-script-location.
Successfully installed Jinja2-2.10.1 MarkupSafe-1.1.1 Werkzeug-0.16.0 click-7.0 flask-1.1.1 itsdangerous-1.1.0

E:\Code\Java\python\PythonRestAPI>python main.py
Traceback (most recent call last):
  File "main.py", line 1, in <module>
    from app import app, mongo
  File "E:\Code\Java\python\PythonRestAPI\app.py", line 2, in <module>
    from flask_pymongo import PyMongo
ModuleNotFoundError: No module named 'flask_pymongo'

E:\Code\Java\python\PythonRestAPI>python -m pip install flask_pymongo
Collecting flask_pymongo
  Downloading https://files.pythonhosted.org/packages/67/b8/0322016b9ce09a64fba9018211e7c35fd51380527ffd9ea248744f389239/Flask_PyMongo-2.3.0-py2.py3-none-any.whl
Requirement already satisfied: PyMongo>=3.3 in c:\users\pritam\appdata\local\programs\python\python37-32\lib\site-packages (from flask_pymongo) (3.9.0)
Requirement already satisfied: Flask>=0.11 in c:\users\pritam\appdata\local\programs\python\python37-32\lib\site-packages (from flask_pymongo) (1.1.1)
Requirement already satisfied: click>=5.1 in c:\users\pritam\appdata\local\programs\python\python37-32\lib\site-packages (from Flask>=0.11->flask_pymongo) (7.0)
Requirement already satisfied: itsdangerous>=0.24 in c:\users\pritam\appdata\local\programs\python\python37-32\lib\site-packages (from Flask>=0.11->flask_pymongo) (1.1.0)
Requirement already satisfied: Jinja2>=2.10.1 in c:\users\pritam\appdata\local\programs\python\python37-32\lib\site-packages (from Flask>=0.11->flask_pymongo) (2.10.1)
Requirement already satisfied: Werkzeug>=0.15 in c:\users\pritam\appdata\local\programs\python\python37-32\lib\site-packages (from Flask>=0.11->flask_pymongo) (0.16.0)
Requirement already satisfied: MarkupSafe>=0.23 in c:\users\pritam\appdata\local\programs\python\python37-32\lib\site-packages (from Jinja2>=2.10.1->Flask>=0.11->flask_pymongo) (1.1.1)
Installing collected packages: flask-pymongo
Successfully installed flask-pymongo-2.3.0

E:\Code\Java\python\PythonRestAPI>python main.py
main.py:5: DeprecationWarning: The import 'werkzeug.generate_password_hash' is deprecated and will be removed in Werkzeug 1.0. Use 'from werkzeug.security import generate_password_hash' instead.
  from werkzeug import generate_password_hash, check_password_hash
main.py:5: DeprecationWarning: The import 'werkzeug.check_password_hash' is deprecated and will be removed in Werkzeug 1.0. Use 'from werkzeug.security import check_password_hash' instead.
  from werkzeug import generate_password_hash, check_password_hash
 * Serving Flask app "app" (lazy loading)
 * Environment: production
   WARNING: This is a development server. Do not use it in a production deployment.
   Use a production WSGI server instead.
 * Debug mode: off
 * Running on http://127.0.0.1:5000/ (Press CTRL+C to quit)
127.0.0.1 - - [22/Sep/2019 21:23:20] "GET / HTTP/1.1" 404 -
127.0.0.1 - - [22/Sep/2019 21:23:21] "GET /favicon.ico HTTP/1.1" 404 -
127.0.0.1 - - [22/Sep/2019 21:27:00] "GET / HTTP/1.1" 404 -
127.0.0.1 - - [22/Sep/2019 21:28:26] "GET /users HTTP/1.1" 200 -
127.0.0.1 - - [22/Sep/2019 21:29:11] "POST /users HTTP/1.1" 405 -
[2019-09-22 21:29:57,921] ERROR in app: Exception on /add [POST]
Traceback (most recent call last):
  File "C:\Users\Pritam\AppData\Local\Programs\Python\Python37-32\lib\site-packages\flask\app.py", line 2446, in wsgi_app
    response = self.full_dispatch_request()
  File "C:\Users\Pritam\AppData\Local\Programs\Python\Python37-32\lib\site-packages\flask\app.py", line 1951, in full_dispatch_request
    rv = self.handle_user_exception(e)
  File "C:\Users\Pritam\AppData\Local\Programs\Python\Python37-32\lib\site-packages\flask\app.py", line 1820, in handle_user_exception
    reraise(exc_type, exc_value, tb)
  File "C:\Users\Pritam\AppData\Local\Programs\Python\Python37-32\lib\site-packages\flask\_compat.py", line 39, in reraise
    raise value
  File "C:\Users\Pritam\AppData\Local\Programs\Python\Python37-32\lib\site-packages\flask\app.py", line 1949, in full_dispatch_request
    rv = self.dispatch_request()
  File "C:\Users\Pritam\AppData\Local\Programs\Python\Python37-32\lib\site-packages\flask\app.py", line 1935, in dispatch_request
    return self.view_functions[rule.endpoint](**req.view_args)
  File "main.py", line 10, in add_user
    _name = _json['name']
TypeError: 'NoneType' object is not subscriptable
127.0.0.1 - - [22/Sep/2019 21:29:57] "POST /add HTTP/1.1" 500 -
127.0.0.1 - - [22/Sep/2019 21:31:21] "GET /users HTTP/1.1" 200 -
main.py:18: DeprecationWarning: insert is deprecated. Use insert_one or insert_many instead.
  id = mongo.db.user.insert({'name': _name, 'email': _email, 'pwd': _hashed_password})
127.0.0.1 - - [22/Sep/2019 21:32:44] "POST /add HTTP/1.1" 200 -
127.0.0.1 - - [22/Sep/2019 21:32:53] "GET /users HTTP/1.1" 200 -
127.0.0.1 - - [22/Sep/2019 21:34:21] "GET /users HTTP/1.1" 200 -
127.0.0.1 - - [22/Sep/2019 21:34:52] "GET /users/5d879b24e81d97a333936f75 HTTP/1.1" 404 -
127.0.0.1 - - [22/Sep/2019 21:34:57] "GET /user/5d879b24e81d97a333936f75 HTTP/1.1" 200 -
127.0.0.1 - - [22/Sep/2019 21:35:16] "DELETE /user/5d879b24e81d97a333936f75 HTTP/1.1" 405 -
127.0.0.1 - - [22/Sep/2019 21:35:42] "DELETE /delete/5d879b24e81d97a333936f75 HTTP/1.1" 200 -
127.0.0.1 - - [22/Sep/2019 21:35:57] "POST /add HTTP/1.1" 200 -
127.0.0.1 - - [22/Sep/2019 21:36:30] "GET /users HTTP/1.1" 200 -
127.0.0.1 - - [22/Sep/2019 21:36:44] "GET /user/5d879be5e81d97a333936f76 HTTP/1.1" 200 -
127.0.0.1 - - [22/Sep/2019 21:37:59] "POST /update/5d879be5e81d97a333936f76 HTTP/1.1" 404 -
127.0.0.1 - - [22/Sep/2019 21:38:32] "POST /update/5d879be5e81d97a333936f76 HTTP/1.1" 404 -
127.0.0.1 - - [22/Sep/2019 21:38:39] "POST /update HTTP/1.1" 405 -
127.0.0.1 - - [22/Sep/2019 21:39:21] "POST /update HTTP/1.1" 405 -
[2019-09-22 21:39:29,159] ERROR in app: Exception on /update [PUT]
Traceback (most recent call last):
  File "C:\Users\Pritam\AppData\Local\Programs\Python\Python37-32\lib\site-packages\flask\app.py", line 2446, in wsgi_app
    response = self.full_dispatch_request()
  File "C:\Users\Pritam\AppData\Local\Programs\Python\Python37-32\lib\site-packages\flask\app.py", line 1951, in full_dispatch_request
    rv = self.handle_user_exception(e)
  File "C:\Users\Pritam\AppData\Local\Programs\Python\Python37-32\lib\site-packages\flask\app.py", line 1820, in handle_user_exception
    reraise(exc_type, exc_value, tb)
  File "C:\Users\Pritam\AppData\Local\Programs\Python\Python37-32\lib\site-packages\flask\_compat.py", line 39, in reraise
    raise value
  File "C:\Users\Pritam\AppData\Local\Programs\Python\Python37-32\lib\site-packages\flask\app.py", line 1949, in full_dispatch_request
    rv = self.dispatch_request()
  File "C:\Users\Pritam\AppData\Local\Programs\Python\Python37-32\lib\site-packages\flask\app.py", line 1935, in dispatch_request
    return self.view_functions[rule.endpoint](**req.view_args)
  File "main.py", line 40, in update_user
    _id = _json['_id']
KeyError: '_id'
127.0.0.1 - - [22/Sep/2019 21:39:29] "PUT /update HTTP/1.1" 500 -
127.0.0.1 - - [22/Sep/2019 21:40:28] "PUT /update HTTP/1.1" 200 -
^C
E:\Code\Java\python\PythonRestAPI>

E:\Code\Java\python\PythonRestAPI>python pip install watchdog
python: can't open file 'pip': [Errno 2] No such file or directory

E:\Code\Java\python\PythonRestAPI>python -m pip install watchdog
Collecting watchdog
  Downloading https://files.pythonhosted.org/packages/bb/e3/5a55d48a29300160779f0a0d2776d17c1b762a2039b36de528b093b87d5b/watchdog-0.9.0.tar.gz (85kB)
     |████████████████████████████████| 92kB 54kB/s
Collecting PyYAML>=3.10 (from watchdog)
  Downloading https://files.pythonhosted.org/packages/d3/4f/c65af393e53483cf0a0db7aac48f02684b09207c9b77242d35d747e63221/PyYAML-5.1.2-cp37-cp37m-win32.whl (195kB)
     |████████████████████████████████| 204kB 52kB/s
Collecting argh>=0.24.1 (from watchdog)
  Downloading https://files.pythonhosted.org/packages/06/1c/e667a7126f0b84aaa1c56844337bf0ac12445d1beb9c8a6199a7314944bf/argh-0.26.2-py2.py3-none-any.whl
Collecting pathtools>=0.1.1 (from watchdog)
  Downloading https://files.pythonhosted.org/packages/e7/7f/470d6fcdf23f9f3518f6b0b76be9df16dcc8630ad409947f8be2eb0ed13a/pathtools-0.1.2.tar.gz
Installing collected packages: PyYAML, argh, pathtools, watchdog
  Running setup.py install for pathtools ... done
  Running setup.py install for watchdog ... done
Successfully installed PyYAML-5.1.2 argh-0.26.2 pathtools-0.1.2 watchdog-0.9.0

E:\Code\Java\python\PythonRestAPI>